// Jest Snapshot v1, https://goo.gl/fbAQLP

exports[`it should render App correctly 1`] = `
<div
  class="App"
>
  <header
    data-testid="header"
  >
    React Testing
  </header>
</div>
`;
